2026-01-21T20:35:40.9737243Z Current runner version: '2.331.0'
2026-01-21T20:35:40.9773894Z ##[group]Runner Image Provisioner
2026-01-21T20:35:40.9775157Z Hosted Compute Agent
2026-01-21T20:35:40.9776059Z Version: 20251211.462
2026-01-21T20:35:40.9777340Z Commit: 6cbad8c2bb55d58165063d031ccabf57e2d2db61
2026-01-21T20:35:40.9778515Z Build Date: 2025-12-11T16:28:49Z
2026-01-21T20:35:40.9779950Z Worker ID: {8321d3e5-854f-41b3-bdde-1013cfc45bd5}
2026-01-21T20:35:40.9781134Z ##[endgroup]
2026-01-21T20:35:40.9782040Z ##[group]Operating System
2026-01-21T20:35:40.9783206Z Ubuntu
2026-01-21T20:35:40.9784054Z 24.04.3
2026-01-21T20:35:40.9784834Z LTS
2026-01-21T20:35:40.9785781Z ##[endgroup]
2026-01-21T20:35:40.9786671Z ##[group]Runner Image
2026-01-21T20:35:40.9787736Z Image: ubuntu-24.04
2026-01-21T20:35:40.9788780Z Version: 20260111.209.1
2026-01-21T20:35:40.9790823Z Included Software: https://github.com/actions/runner-images/blob/ubuntu24/20260111.209/images/ubuntu/Ubuntu2404-Readme.md
2026-01-21T20:35:40.9793802Z Image Release: https://github.com/actions/runner-images/releases/tag/ubuntu24%2F20260111.209
2026-01-21T20:35:40.9795792Z ##[endgroup]
2026-01-21T20:35:40.9797673Z ##[group]GITHUB_TOKEN Permissions
2026-01-21T20:35:40.9800774Z Contents: write
2026-01-21T20:35:40.9801779Z Metadata: read
2026-01-21T20:35:40.9802623Z ##[endgroup]
2026-01-21T20:35:40.9807026Z Secret source: Actions
2026-01-21T20:35:40.9808653Z Prepare workflow directory
2026-01-21T20:35:41.0308497Z Prepare all required actions
2026-01-21T20:35:41.0369257Z Getting action download info
2026-01-21T20:35:41.2887663Z Download action repository 'actions/checkout@v4' (SHA:34e114876b0b11c390a56381ad16ebd13914f8d5)
2026-01-21T20:35:41.4031437Z Download action repository 'actions/setup-python@v4' (SHA:7f4fc3e22c37d6ff65e88745f38bd3157c663f7c)
2026-01-21T20:35:41.4892844Z Download action repository 'stefanzweifel/git-auto-commit-action@v5' (SHA:b863ae1933cb653a53c021fe36dbb774e1fb9403)
2026-01-21T20:35:41.8018532Z Complete job name: run-decision-logic
2026-01-21T20:35:41.8737900Z ##[group]Run actions/checkout@v4
2026-01-21T20:35:41.8738805Z with:
2026-01-21T20:35:41.8739267Z   repository: virtumedia-agency/GEM-app
2026-01-21T20:35:41.8740192Z   token: ***
2026-01-21T20:35:41.8740603Z   ssh-strict: true
2026-01-21T20:35:41.8741020Z   ssh-user: git
2026-01-21T20:35:41.8741442Z   persist-credentials: true
2026-01-21T20:35:41.8741913Z   clean: true
2026-01-21T20:35:41.8742336Z   sparse-checkout-cone-mode: true
2026-01-21T20:35:41.8742830Z   fetch-depth: 1
2026-01-21T20:35:41.8743225Z   fetch-tags: false
2026-01-21T20:35:41.8743632Z   show-progress: true
2026-01-21T20:35:41.8744058Z   lfs: false
2026-01-21T20:35:41.8744441Z   submodules: false
2026-01-21T20:35:41.8744864Z   set-safe-directory: true
2026-01-21T20:35:41.8745577Z ##[endgroup]
2026-01-21T20:35:41.9840885Z Syncing repository: virtumedia-agency/GEM-app
2026-01-21T20:35:41.9843120Z ##[group]Getting Git version info
2026-01-21T20:35:41.9843854Z Working directory is '/home/runner/work/GEM-app/GEM-app'
2026-01-21T20:35:41.9844906Z [command]/usr/bin/git version
2026-01-21T20:35:41.9931865Z git version 2.52.0
2026-01-21T20:35:41.9958639Z ##[endgroup]
2026-01-21T20:35:41.9973511Z Temporarily overriding HOME='/home/runner/work/_temp/c4d1ada4-0dcc-4478-883f-f7ce8c472d25' before making global git config changes
2026-01-21T20:35:41.9975105Z Adding repository directory to the temporary git global config as a safe directory
2026-01-21T20:35:41.9986702Z [command]/usr/bin/git config --global --add safe.directory /home/runner/work/GEM-app/GEM-app
2026-01-21T20:35:42.0028009Z Deleting the contents of '/home/runner/work/GEM-app/GEM-app'
2026-01-21T20:35:42.0032031Z ##[group]Initializing the repository
2026-01-21T20:35:42.0035893Z [command]/usr/bin/git init /home/runner/work/GEM-app/GEM-app
2026-01-21T20:35:42.0148682Z hint: Using 'master' as the name for the initial branch. This default branch name
2026-01-21T20:35:42.0150343Z hint: will change to "main" in Git 3.0. To configure the initial branch name
2026-01-21T20:35:42.0151333Z hint: to use in all of your new repositories, which will suppress this warning,
2026-01-21T20:35:42.0152309Z hint: call:
2026-01-21T20:35:42.0152703Z hint:
2026-01-21T20:35:42.0153429Z hint: 	git config --global init.defaultBranch <name>
2026-01-21T20:35:42.0154398Z hint:
2026-01-21T20:35:42.0154965Z hint: Names commonly chosen instead of 'master' are 'main', 'trunk' and
2026-01-21T20:35:42.0155870Z hint: 'development'. The just-created branch can be renamed via this command:
2026-01-21T20:35:42.0156581Z hint:
2026-01-21T20:35:42.0156976Z hint: 	git branch -m <name>
2026-01-21T20:35:42.0157439Z hint:
2026-01-21T20:35:42.0158029Z hint: Disable this message with "git config set advice.defaultBranchName false"
2026-01-21T20:35:42.0159295Z Initialized empty Git repository in /home/runner/work/GEM-app/GEM-app/.git/
2026-01-21T20:35:42.0165941Z [command]/usr/bin/git remote add origin https://github.com/virtumedia-agency/GEM-app
2026-01-21T20:35:42.0202648Z ##[endgroup]
2026-01-21T20:35:42.0203432Z ##[group]Disabling automatic garbage collection
2026-01-21T20:35:42.0209271Z [command]/usr/bin/git config --local gc.auto 0
2026-01-21T20:35:42.0244727Z ##[endgroup]
2026-01-21T20:35:42.0245912Z ##[group]Setting up auth
2026-01-21T20:35:42.0254106Z [command]/usr/bin/git config --local --name-only --get-regexp core\.sshCommand
2026-01-21T20:35:42.0289316Z [command]/usr/bin/git submodule foreach --recursive sh -c "git config --local --name-only --get-regexp 'core\.sshCommand' && git config --local --unset-all 'core.sshCommand' || :"
2026-01-21T20:35:42.0676669Z [command]/usr/bin/git config --local --name-only --get-regexp http\.https\:\/\/github\.com\/\.extraheader
2026-01-21T20:35:42.0713658Z [command]/usr/bin/git submodule foreach --recursive sh -c "git config --local --name-only --get-regexp 'http\.https\:\/\/github\.com\/\.extraheader' && git config --local --unset-all 'http.https://github.com/.extraheader' || :"
2026-01-21T20:35:42.0971851Z [command]/usr/bin/git config --local --name-only --get-regexp ^includeIf\.gitdir:
2026-01-21T20:35:42.1007175Z [command]/usr/bin/git submodule foreach --recursive git config --local --show-origin --name-only --get-regexp remote.origin.url
2026-01-21T20:35:42.1264736Z [command]/usr/bin/git config --local http.https://github.com/.extraheader AUTHORIZATION: basic ***
2026-01-21T20:35:42.1300372Z ##[endgroup]
2026-01-21T20:35:42.1301693Z ##[group]Fetching the repository
2026-01-21T20:35:42.1310248Z [command]/usr/bin/git -c protocol.version=2 fetch --no-tags --prune --no-recurse-submodules --depth=1 origin +822202bd2d1881deeda40292f7277e6d42ac8512:refs/remotes/origin/main
2026-01-21T20:35:42.3122665Z From https://github.com/virtumedia-agency/GEM-app
2026-01-21T20:35:42.3123626Z  * [new ref]         822202bd2d1881deeda40292f7277e6d42ac8512 -> origin/main
2026-01-21T20:35:42.3156185Z ##[endgroup]
2026-01-21T20:35:42.3157374Z ##[group]Determining the checkout info
2026-01-21T20:35:42.3158606Z ##[endgroup]
2026-01-21T20:35:42.3164264Z [command]/usr/bin/git sparse-checkout disable
2026-01-21T20:35:42.3207599Z [command]/usr/bin/git config --local --unset-all extensions.worktreeConfig
2026-01-21T20:35:42.3234582Z ##[group]Checking out the ref
2026-01-21T20:35:42.3237963Z [command]/usr/bin/git checkout --progress --force -B main refs/remotes/origin/main
2026-01-21T20:35:42.3312443Z Switched to a new branch 'main'
2026-01-21T20:35:42.3315075Z branch 'main' set up to track 'origin/main'.
2026-01-21T20:35:42.3322329Z ##[endgroup]
2026-01-21T20:35:42.3358538Z [command]/usr/bin/git log -1 --format=%H
2026-01-21T20:35:42.3381269Z 822202bd2d1881deeda40292f7277e6d42ac8512
2026-01-21T20:35:42.3600800Z ##[group]Run day_of_month=$(date +%-d)
2026-01-21T20:35:42.3601474Z [36;1mday_of_month=$(date +%-d)[0m
2026-01-21T20:35:42.3602253Z [36;1mif [ "$day_of_month" -le 7 ] || [ "workflow_dispatch" == "workflow_dispatch" ]; then[0m
2026-01-21T20:35:42.3603076Z [36;1m   echo "should_run=true" >> $GITHUB_OUTPUT[0m
2026-01-21T20:35:42.3603761Z [36;1m   echo "It is the first Monday (or manual dispatch)."[0m
2026-01-21T20:35:42.3604365Z [36;1melse[0m
2026-01-21T20:35:42.3605052Z [36;1m   echo "should_run=false" >> $GITHUB_OUTPUT[0m
2026-01-21T20:35:42.3605684Z [36;1m   echo "Not the first Monday. Skipping."[0m
2026-01-21T20:35:42.3606238Z [36;1mfi[0m
2026-01-21T20:35:42.3641102Z shell: /usr/bin/bash -e {0}
2026-01-21T20:35:42.3641628Z ##[endgroup]
2026-01-21T20:35:42.3732023Z It is the first Monday (or manual dispatch).
2026-01-21T20:35:42.3853864Z ##[group]Run actions/setup-python@v4
2026-01-21T20:35:42.3854424Z with:
2026-01-21T20:35:42.3854813Z   python-version: 3.11
2026-01-21T20:35:42.3855243Z   cache: pip
2026-01-21T20:35:42.3855627Z   check-latest: false
2026-01-21T20:35:42.3856218Z   token: ***
2026-01-21T20:35:42.3856623Z   update-environment: true
2026-01-21T20:35:42.3857100Z   allow-prereleases: false
2026-01-21T20:35:42.3857542Z ##[endgroup]
2026-01-21T20:35:42.5588206Z ##[group]Installed versions
2026-01-21T20:35:42.5712100Z Successfully set up CPython (3.11.14)
2026-01-21T20:35:42.5714337Z ##[endgroup]
2026-01-21T20:35:42.6188920Z [command]/opt/hostedtoolcache/Python/3.11.14/x64/bin/pip cache dir
2026-01-21T20:35:44.3074820Z /home/runner/.cache/pip
2026-01-21T20:35:44.4557285Z pip cache is not found
2026-01-21T20:35:44.4668740Z ##[group]Run pip install -r requirements.txt
2026-01-21T20:35:44.4669195Z [36;1mpip install -r requirements.txt[0m
2026-01-21T20:35:44.4705461Z shell: /usr/bin/bash -e {0}
2026-01-21T20:35:44.4705783Z env:
2026-01-21T20:35:44.4706096Z   pythonLocation: /opt/hostedtoolcache/Python/3.11.14/x64
2026-01-21T20:35:44.4706599Z   PKG_CONFIG_PATH: /opt/hostedtoolcache/Python/3.11.14/x64/lib/pkgconfig
2026-01-21T20:35:44.4707081Z   Python_ROOT_DIR: /opt/hostedtoolcache/Python/3.11.14/x64
2026-01-21T20:35:44.4707508Z   Python2_ROOT_DIR: /opt/hostedtoolcache/Python/3.11.14/x64
2026-01-21T20:35:44.4707950Z   Python3_ROOT_DIR: /opt/hostedtoolcache/Python/3.11.14/x64
2026-01-21T20:35:44.4708395Z   LD_LIBRARY_PATH: /opt/hostedtoolcache/Python/3.11.14/x64/lib
2026-01-21T20:35:44.4708754Z ##[endgroup]
2026-01-21T20:35:45.9195710Z Collecting yfinance>=0.2.36 (from -r requirements.txt (line 1))
2026-01-21T20:35:45.9880699Z   Downloading yfinance-1.0-py2.py3-none-any.whl.metadata (6.0 kB)
2026-01-21T20:35:46.1449169Z Collecting pandas>=2.2.0 (from -r requirements.txt (line 2))
2026-01-21T20:35:46.1527817Z   Downloading pandas-3.0.0-cp311-cp311-manylinux_2_24_x86_64.manylinux_2_28_x86_64.whl.metadata (79 kB)
2026-01-21T20:35:46.2476252Z Collecting pyyaml>=6.0.1 (from -r requirements.txt (line 3))
2026-01-21T20:35:46.2556774Z   Downloading pyyaml-6.0.3-cp311-cp311-manylinux2014_x86_64.manylinux_2_17_x86_64.manylinux_2_28_x86_64.whl.metadata (2.4 kB)
2026-01-21T20:35:46.2761546Z Collecting resend>=0.8.0 (from -r requirements.txt (line 4))
2026-01-21T20:35:46.2843047Z   Downloading resend-2.19.0-py2.py3-none-any.whl.metadata (2.5 kB)
2026-01-21T20:35:46.3046458Z Collecting python-dotenv>=1.0.1 (from -r requirements.txt (line 5))
2026-01-21T20:35:46.3122240Z   Downloading python_dotenv-1.2.1-py3-none-any.whl.metadata (25 kB)
2026-01-21T20:35:46.5325372Z Collecting numpy>=1.16.5 (from yfinance>=0.2.36->-r requirements.txt (line 1))
2026-01-21T20:35:46.5406575Z   Downloading numpy-2.4.1-cp311-cp311-manylinux_2_27_x86_64.manylinux_2_28_x86_64.whl.metadata (6.6 kB)
2026-01-21T20:35:46.5723600Z Collecting requests>=2.31 (from yfinance>=0.2.36->-r requirements.txt (line 1))
2026-01-21T20:35:46.5800635Z   Downloading requests-2.32.5-py3-none-any.whl.metadata (4.9 kB)
2026-01-21T20:35:46.5967116Z Collecting multitasking>=0.0.7 (from yfinance>=0.2.36->-r requirements.txt (line 1))
2026-01-21T20:35:46.6058741Z   Downloading multitasking-0.0.12.tar.gz (19 kB)
2026-01-21T20:35:46.6139231Z   Installing build dependencies: started
2026-01-21T20:35:47.9837246Z   Installing build dependencies: finished with status 'done'
2026-01-21T20:35:47.9841874Z   Getting requirements to build wheel: started
2026-01-21T20:35:48.3724206Z   Getting requirements to build wheel: finished with status 'done'
2026-01-21T20:35:48.3733983Z   Preparing metadata (pyproject.toml): started
2026-01-21T20:35:48.5546751Z   Preparing metadata (pyproject.toml): finished with status 'done'
2026-01-21T20:35:48.5778706Z Collecting platformdirs>=2.0.0 (from yfinance>=0.2.36->-r requirements.txt (line 1))
2026-01-21T20:35:48.5864121Z   Downloading platformdirs-4.5.1-py3-none-any.whl.metadata (12 kB)
2026-01-21T20:35:48.6313871Z Collecting pytz>=2022.5 (from yfinance>=0.2.36->-r requirements.txt (line 1))
2026-01-21T20:35:48.6392473Z   Downloading pytz-2025.2-py2.py3-none-any.whl.metadata (22 kB)
2026-01-21T20:35:48.6988595Z Collecting frozendict>=2.3.4 (from yfinance>=0.2.36->-r requirements.txt (line 1))
2026-01-21T20:35:48.7069008Z   Downloading frozendict-2.4.7-py3-none-any.whl.metadata (23 kB)
2026-01-21T20:35:48.7359962Z Collecting peewee>=3.16.2 (from yfinance>=0.2.36->-r requirements.txt (line 1))
2026-01-21T20:35:48.7473551Z   Downloading peewee-3.19.0-py3-none-any.whl.metadata (7.0 kB)
2026-01-21T20:35:48.7737174Z Collecting beautifulsoup4>=4.11.1 (from yfinance>=0.2.36->-r requirements.txt (line 1))
2026-01-21T20:35:48.7843402Z   Downloading beautifulsoup4-4.14.3-py3-none-any.whl.metadata (3.8 kB)
2026-01-21T20:35:48.8781386Z Collecting curl_cffi<0.14,>=0.7 (from yfinance>=0.2.36->-r requirements.txt (line 1))
2026-01-21T20:35:48.8865898Z   Downloading curl_cffi-0.13.0-cp39-abi3-manylinux_2_17_x86_64.manylinux2014_x86_64.whl.metadata (13 kB)
2026-01-21T20:35:49.0708582Z Collecting protobuf>=3.19.0 (from yfinance>=0.2.36->-r requirements.txt (line 1))
2026-01-21T20:35:49.0788382Z   Downloading protobuf-6.33.4-cp39-abi3-manylinux2014_x86_64.whl.metadata (593 bytes)
2026-01-21T20:35:49.1740468Z Collecting websockets>=13.0 (from yfinance>=0.2.36->-r requirements.txt (line 1))
2026-01-21T20:35:49.1822903Z   Downloading websockets-16.0-cp311-cp311-manylinux1_x86_64.manylinux_2_28_x86_64.manylinux_2_5_x86_64.whl.metadata (6.8 kB)
2026-01-21T20:35:49.2926967Z Collecting cffi>=1.12.0 (from curl_cffi<0.14,>=0.7->yfinance>=0.2.36->-r requirements.txt (line 1))
2026-01-21T20:35:49.3003195Z   Downloading cffi-2.0.0-cp311-cp311-manylinux2014_x86_64.manylinux_2_17_x86_64.whl.metadata (2.6 kB)
2026-01-21T20:35:49.3235895Z Collecting certifi>=2024.2.2 (from curl_cffi<0.14,>=0.7->yfinance>=0.2.36->-r requirements.txt (line 1))
2026-01-21T20:35:49.3309124Z   Downloading certifi-2026.1.4-py3-none-any.whl.metadata (2.5 kB)
2026-01-21T20:35:49.3621516Z Collecting python-dateutil>=2.8.2 (from pandas>=2.2.0->-r requirements.txt (line 2))
2026-01-21T20:35:49.3695695Z   Downloading python_dateutil-2.9.0.post0-py2.py3-none-any.whl.metadata (8.4 kB)
2026-01-21T20:35:49.3994464Z Collecting typing-extensions>=4.4.0 (from resend>=0.8.0->-r requirements.txt (line 4))
2026-01-21T20:35:49.4072103Z   Downloading typing_extensions-4.15.0-py3-none-any.whl.metadata (3.3 kB)
2026-01-21T20:35:49.4319371Z Collecting soupsieve>=1.6.1 (from beautifulsoup4>=4.11.1->yfinance>=0.2.36->-r requirements.txt (line 1))
2026-01-21T20:35:49.4394491Z   Downloading soupsieve-2.8.3-py3-none-any.whl.metadata (4.6 kB)
2026-01-21T20:35:49.4616143Z Collecting pycparser (from cffi>=1.12.0->curl_cffi<0.14,>=0.7->yfinance>=0.2.36->-r requirements.txt (line 1))
2026-01-21T20:35:49.4695112Z   Downloading pycparser-3.0-py3-none-any.whl.metadata (8.2 kB)
2026-01-21T20:35:49.4913743Z Collecting six>=1.5 (from python-dateutil>=2.8.2->pandas>=2.2.0->-r requirements.txt (line 2))
2026-01-21T20:35:49.4988783Z   Downloading six-1.17.0-py2.py3-none-any.whl.metadata (1.7 kB)
2026-01-21T20:35:49.6414449Z Collecting charset_normalizer<4,>=2 (from requests>=2.31->yfinance>=0.2.36->-r requirements.txt (line 1))
2026-01-21T20:35:49.6497664Z   Downloading charset_normalizer-3.4.4-cp311-cp311-manylinux2014_x86_64.manylinux_2_17_x86_64.manylinux_2_28_x86_64.whl.metadata (37 kB)
2026-01-21T20:35:49.6737811Z Collecting idna<4,>=2.5 (from requests>=2.31->yfinance>=0.2.36->-r requirements.txt (line 1))
2026-01-21T20:35:49.6810127Z   Downloading idna-3.11-py3-none-any.whl.metadata (8.4 kB)
2026-01-21T20:35:49.7144944Z Collecting urllib3<3,>=1.21.1 (from requests>=2.31->yfinance>=0.2.36->-r requirements.txt (line 1))
2026-01-21T20:35:49.7225715Z   Downloading urllib3-2.6.3-py3-none-any.whl.metadata (6.9 kB)
2026-01-21T20:35:49.7473763Z Downloading yfinance-1.0-py2.py3-none-any.whl (127 kB)
2026-01-21T20:35:49.7857021Z Downloading curl_cffi-0.13.0-cp39-abi3-manylinux_2_17_x86_64.manylinux2014_x86_64.whl (8.3 MB)
2026-01-21T20:35:50.0879340Z    ‚îÅ‚îÅ‚îÅ‚îÅ‚îÅ‚îÅ‚îÅ‚îÅ‚îÅ‚îÅ‚îÅ‚îÅ‚îÅ‚îÅ‚îÅ‚îÅ‚îÅ‚îÅ‚îÅ‚îÅ‚îÅ‚îÅ‚îÅ‚îÅ‚îÅ‚îÅ‚îÅ‚îÅ‚îÅ‚îÅ‚îÅ‚îÅ‚îÅ‚îÅ‚îÅ‚îÅ‚îÅ‚îÅ‚îÅ‚îÅ 8.3/8.3 MB 31.3 MB/s  0:00:00
2026-01-21T20:35:50.0986560Z Downloading pandas-3.0.0-cp311-cp311-manylinux_2_24_x86_64.manylinux_2_28_x86_64.whl (11.2 MB)
2026-01-21T20:35:50.2508971Z    ‚îÅ‚îÅ‚îÅ‚îÅ‚îÅ‚îÅ‚îÅ‚îÅ‚îÅ‚îÅ‚îÅ‚îÅ‚îÅ‚îÅ‚îÅ‚îÅ‚îÅ‚îÅ‚îÅ‚îÅ‚îÅ‚îÅ‚îÅ‚îÅ‚îÅ‚îÅ‚îÅ‚îÅ‚îÅ‚îÅ‚îÅ‚îÅ‚îÅ‚îÅ‚îÅ‚îÅ‚îÅ‚îÅ‚îÅ‚îÅ 11.2/11.2 MB 73.4 MB/s  0:00:00
2026-01-21T20:35:50.2588954Z Downloading pyyaml-6.0.3-cp311-cp311-manylinux2014_x86_64.manylinux_2_17_x86_64.manylinux_2_28_x86_64.whl (806 kB)
2026-01-21T20:35:50.2664086Z    ‚îÅ‚îÅ‚îÅ‚îÅ‚îÅ‚îÅ‚îÅ‚îÅ‚îÅ‚îÅ‚îÅ‚îÅ‚îÅ‚îÅ‚îÅ‚îÅ‚îÅ‚îÅ‚îÅ‚îÅ‚îÅ‚îÅ‚îÅ‚îÅ‚îÅ‚îÅ‚îÅ‚îÅ‚îÅ‚îÅ‚îÅ‚îÅ‚îÅ‚îÅ‚îÅ‚îÅ‚îÅ‚îÅ‚îÅ‚îÅ 806.6/806.6 kB 104.9 MB/s  0:00:00
2026-01-21T20:35:50.2741561Z Downloading resend-2.19.0-py2.py3-none-any.whl (50 kB)
2026-01-21T20:35:50.2839806Z Downloading python_dotenv-1.2.1-py3-none-any.whl (21 kB)
2026-01-21T20:35:50.2935370Z Downloading beautifulsoup4-4.14.3-py3-none-any.whl (107 kB)
2026-01-21T20:35:50.3032045Z Downloading certifi-2026.1.4-py3-none-any.whl (152 kB)
2026-01-21T20:35:50.3132849Z Downloading cffi-2.0.0-cp311-cp311-manylinux2014_x86_64.manylinux_2_17_x86_64.whl (215 kB)
2026-01-21T20:35:50.3255619Z Downloading frozendict-2.4.7-py3-none-any.whl (16 kB)
2026-01-21T20:35:50.3383557Z Downloading numpy-2.4.1-cp311-cp311-manylinux_2_27_x86_64.manylinux_2_28_x86_64.whl (16.7 MB)
2026-01-21T20:35:50.4409939Z    ‚îÅ‚îÅ‚îÅ‚îÅ‚îÅ‚îÅ‚îÅ‚îÅ‚îÅ‚îÅ‚îÅ‚îÅ‚îÅ‚îÅ‚îÅ‚îÅ‚îÅ‚îÅ‚îÅ‚îÅ‚îÅ‚îÅ‚îÅ‚îÅ‚îÅ‚îÅ‚îÅ‚îÅ‚îÅ‚îÅ‚îÅ‚îÅ‚îÅ‚îÅ‚îÅ‚îÅ‚îÅ‚îÅ‚îÅ‚îÅ 16.7/16.7 MB 164.4 MB/s  0:00:00
2026-01-21T20:35:50.4489701Z Downloading peewee-3.19.0-py3-none-any.whl (411 kB)
2026-01-21T20:35:50.4604562Z Downloading platformdirs-4.5.1-py3-none-any.whl (18 kB)
2026-01-21T20:35:50.4708216Z Downloading protobuf-6.33.4-cp39-abi3-manylinux2014_x86_64.whl (323 kB)
2026-01-21T20:35:50.4852974Z Downloading python_dateutil-2.9.0.post0-py2.py3-none-any.whl (229 kB)
2026-01-21T20:35:50.4960246Z Downloading pytz-2025.2-py2.py3-none-any.whl (509 kB)
2026-01-21T20:35:50.5082731Z Downloading requests-2.32.5-py3-none-any.whl (64 kB)
2026-01-21T20:35:50.5186002Z Downloading charset_normalizer-3.4.4-cp311-cp311-manylinux2014_x86_64.manylinux_2_17_x86_64.manylinux_2_28_x86_64.whl (151 kB)
2026-01-21T20:35:50.5288321Z Downloading idna-3.11-py3-none-any.whl (71 kB)
2026-01-21T20:35:50.5391625Z Downloading urllib3-2.6.3-py3-none-any.whl (131 kB)
2026-01-21T20:35:50.5493797Z Downloading six-1.17.0-py2.py3-none-any.whl (11 kB)
2026-01-21T20:35:50.5590134Z Downloading soupsieve-2.8.3-py3-none-any.whl (37 kB)
2026-01-21T20:35:50.5701289Z Downloading typing_extensions-4.15.0-py3-none-any.whl (44 kB)
2026-01-21T20:35:50.5810992Z Downloading websockets-16.0-cp311-cp311-manylinux1_x86_64.manylinux_2_28_x86_64.manylinux_2_5_x86_64.whl (184 kB)
2026-01-21T20:35:50.5915593Z Downloading pycparser-3.0-py3-none-any.whl (48 kB)
2026-01-21T20:35:50.6552982Z Building wheels for collected packages: multitasking
2026-01-21T20:35:50.6561994Z   Building wheel for multitasking (pyproject.toml): started
2026-01-21T20:35:50.8612039Z   Building wheel for multitasking (pyproject.toml): finished with status 'done'
2026-01-21T20:35:50.8617998Z   Created wheel for multitasking: filename=multitasking-0.0.12-py3-none-any.whl size=15637 sha256=1e17c52f86f40cea2baf44b753d4c8899da4917c883c61c8b489269b330fe62c
2026-01-21T20:35:50.8620082Z   Stored in directory: /home/runner/.cache/pip/wheels/42/d6/84/bf57a755f4569494cd00de4bb46ef064874823f4d19c82e960
2026-01-21T20:35:50.8644326Z Successfully built multitasking
2026-01-21T20:35:50.9265064Z Installing collected packages: pytz, peewee, multitasking, websockets, urllib3, typing-extensions, soupsieve, six, pyyaml, python-dotenv, pycparser, protobuf, platformdirs, numpy, idna, frozendict, charset_normalizer, certifi, requests, python-dateutil, cffi, beautifulsoup4, resend, pandas, curl_cffi, yfinance
2026-01-21T20:35:58.3219124Z 
2026-01-21T20:35:58.3240519Z Successfully installed beautifulsoup4-4.14.3 certifi-2026.1.4 cffi-2.0.0 charset_normalizer-3.4.4 curl_cffi-0.13.0 frozendict-2.4.7 idna-3.11 multitasking-0.0.12 numpy-2.4.1 pandas-3.0.0 peewee-3.19.0 platformdirs-4.5.1 protobuf-6.33.4 pycparser-3.0 python-dateutil-2.9.0.post0 python-dotenv-1.2.1 pytz-2025.2 pyyaml-6.0.3 requests-2.32.5 resend-2.19.0 six-1.17.0 soupsieve-2.8.3 typing-extensions-4.15.0 urllib3-2.6.3 websockets-16.0 yfinance-1.0
2026-01-21T20:35:58.6598159Z ##[group]Run # Run from root so relative paths in main.py work
2026-01-21T20:35:58.6598642Z [36;1m# Run from root so relative paths in main.py work[0m
2026-01-21T20:35:58.6598967Z [36;1mpython app/main.py[0m
2026-01-21T20:35:58.6633307Z shell: /usr/bin/bash -e {0}
2026-01-21T20:35:58.6633561Z env:
2026-01-21T20:35:58.6633828Z   pythonLocation: /opt/hostedtoolcache/Python/3.11.14/x64
2026-01-21T20:35:58.6634258Z   PKG_CONFIG_PATH: /opt/hostedtoolcache/Python/3.11.14/x64/lib/pkgconfig
2026-01-21T20:35:58.6634684Z   Python_ROOT_DIR: /opt/hostedtoolcache/Python/3.11.14/x64
2026-01-21T20:35:58.6635073Z   Python2_ROOT_DIR: /opt/hostedtoolcache/Python/3.11.14/x64
2026-01-21T20:35:58.6635456Z   Python3_ROOT_DIR: /opt/hostedtoolcache/Python/3.11.14/x64
2026-01-21T20:35:58.6635845Z   LD_LIBRARY_PATH: /opt/hostedtoolcache/Python/3.11.14/x64/lib
2026-01-21T20:35:58.6636504Z   RESEND_API_KEY: ***
2026-01-21T20:35:58.6636773Z   EMAIL_FROM: ***
2026-01-21T20:35:58.6636995Z   EMAIL_TO: ***
2026-01-21T20:35:58.6637227Z ##[endgroup]
2026-01-21T20:35:59.6144423Z Starting GEM ETF Decision App
2026-01-21T20:35:59.6170214Z Configuration loaded.
2026-01-21T20:35:59.6171507Z Analysis Date (End of Last Month): 2025-12-31
2026-01-21T20:35:59.6175298Z Fetching data from approx 2024-11-30 to 2025-12-31
2026-01-21T20:35:59.8441476Z /opt/hostedtoolcache/Python/3.11.14/x64/lib/python3.11/site-packages/yfinance/scrapers/history.py:201: Pandas4Warning: Timestamp.utcnow is deprecated and will be removed in a future version. Use Timestamp.now('UTC') instead.
2026-01-21T20:35:59.8443142Z   dt_now = pd.Timestamp.utcnow()
2026-01-21T20:36:00.0176565Z /opt/hostedtoolcache/Python/3.11.14/x64/lib/python3.11/site-packages/yfinance/scrapers/history.py:201: Pandas4Warning: Timestamp.utcnow is deprecated and will be removed in a future version. Use Timestamp.now('UTC') instead.
2026-01-21T20:36:00.0177841Z   dt_now = pd.Timestamp.utcnow()
2026-01-21T20:36:00.1652308Z /opt/hostedtoolcache/Python/3.11.14/x64/lib/python3.11/site-packages/yfinance/scrapers/history.py:201: Pandas4Warning: Timestamp.utcnow is deprecated and will be removed in a future version. Use Timestamp.now('UTC') instead.
2026-01-21T20:36:00.1653402Z   dt_now = pd.Timestamp.utcnow()
2026-01-21T20:36:00.3218619Z /opt/hostedtoolcache/Python/3.11.14/x64/lib/python3.11/site-packages/yfinance/scrapers/history.py:201: Pandas4Warning: Timestamp.utcnow is deprecated and will be removed in a future version. Use Timestamp.now('UTC') instead.
2026-01-21T20:36:00.3220042Z   dt_now = pd.Timestamp.utcnow()
2026-01-21T20:36:00.4420301Z Price Current (2025-12-31):
2026-01-21T20:36:00.4421068Z {'CASH_PROXY': 91.37999725341797, 'BONDS': 74.06999969482422, 'US': 681.9199829101562, 'EXUS': 73.55999755859375}
2026-01-21T20:36:00.4421738Z Price Previous (2024-12-31):
2026-01-21T20:36:00.4422338Z {'CASH_PROXY': 87.74127197265625, 'BONDS': 69.17105102539062, 'US': 579.2774658203125, 'EXUS': 55.57977294921875}
2026-01-21T20:36:00.4423180Z Decision Calculated: EXUS (RISK-ON)
2026-01-21T20:36:00.4427417Z Report saved to app/reports/2025-12.md
2026-01-21T20:36:00.7148555Z History updated.
2026-01-21T20:36:00.7148961Z Execution completed successfully.
2026-01-21T20:36:00.7149514Z Fetching data for ['SPY', 'VEU', 'BND', 'BIL'] from 2024-11-30 to 2025-12-31...
2026-01-21T20:36:00.7150400Z Email sent! ID: 82a94903-c1ba-4309-a1f7-59636d33d026
2026-01-21T20:36:00.8148786Z ##[group]Run stefanzweifel/git-auto-commit-action@v5
2026-01-21T20:36:00.8149134Z with:
2026-01-21T20:36:00.8149390Z   commit_message: Automated report: GEM Decision [skip ci]
2026-01-21T20:36:00.8150144Z   file_pattern: app/reports/*.md app/decisions.csv app/logs/*.log
2026-01-21T20:36:00.8150480Z   repository: .
2026-01-21T20:36:00.8150697Z   commit_user_name: github-actions[bot]
2026-01-21T20:36:00.8151079Z   commit_user_email: 41898282+github-actions[bot]@users.noreply.github.com
2026-01-21T20:36:00.8151628Z   commit_author: virtumedia-agency <118538154+virtumedia-agency@users.noreply.github.com>
2026-01-21T20:36:00.8152060Z   skip_dirty_check: false
2026-01-21T20:36:00.8152284Z   skip_fetch: false
2026-01-21T20:36:00.8152480Z   skip_checkout: false
2026-01-21T20:36:00.8152688Z   disable_globbing: false
2026-01-21T20:36:00.8152911Z   create_branch: false
2026-01-21T20:36:00.8153120Z   create_git_tag_only: false
2026-01-21T20:36:00.8153346Z   internal_git_binary: git
2026-01-21T20:36:00.8153594Z env:
2026-01-21T20:36:00.8153836Z   pythonLocation: /opt/hostedtoolcache/Python/3.11.14/x64
2026-01-21T20:36:00.8154250Z   PKG_CONFIG_PATH: /opt/hostedtoolcache/Python/3.11.14/x64/lib/pkgconfig
2026-01-21T20:36:00.8154666Z   Python_ROOT_DIR: /opt/hostedtoolcache/Python/3.11.14/x64
2026-01-21T20:36:00.8155044Z   Python2_ROOT_DIR: /opt/hostedtoolcache/Python/3.11.14/x64
2026-01-21T20:36:00.8155406Z   Python3_ROOT_DIR: /opt/hostedtoolcache/Python/3.11.14/x64
2026-01-21T20:36:00.8155771Z   LD_LIBRARY_PATH: /opt/hostedtoolcache/Python/3.11.14/x64/lib
2026-01-21T20:36:00.8156082Z ##[endgroup]
2026-01-21T20:36:00.8395571Z Started: bash /home/runner/work/_actions/stefanzweifel/git-auto-commit-action/v5/entrypoint.sh
2026-01-21T20:36:00.8437258Z INPUT_REPOSITORY value: .
2026-01-21T20:36:00.8437667Z INPUT_STATUS_OPTIONS: 
2026-01-21T20:36:00.8438375Z INPUT_FILE_PATTERN: app/reports/*.md app/decisions.csv app/logs/*.log
2026-01-21T20:36:00.8492765Z INPUT_BRANCH value: 
2026-01-21T20:36:01.0582704Z Your branch is up to date with 'origin/main'.
2026-01-21T20:36:01.0585372Z INPUT_ADD_OPTIONS: 
2026-01-21T20:36:01.0586493Z INPUT_FILE_PATTERN: app/reports/*.md app/decisions.csv app/logs/*.log
2026-01-21T20:36:01.0602064Z fatal: pathspec 'app/logs/*.log' did not match any files
2026-01-21T20:36:01.0631227Z Error: Invalid status code: 128
2026-01-21T20:36:01.0632176Z     at ChildProcess.<anonymous> (/home/runner/work/_actions/stefanzweifel/git-auto-commit-action/v5/index.js:17:19)
2026-01-21T20:36:01.0633166Z     at ChildProcess.emit (node:events:524:28)
2026-01-21T20:36:01.0633749Z     at maybeClose (node:internal/child_process:1104:16)
2026-01-21T20:36:01.0634378Z     at ChildProcess._handle.onexit (node:internal/child_process:304:5) {
2026-01-21T20:36:01.0634919Z   code: 128
2026-01-21T20:36:01.0635218Z }
2026-01-21T20:36:01.0635547Z Error: Invalid status code: 128
2026-01-21T20:36:01.0636377Z     at ChildProcess.<anonymous> (/home/runner/work/_actions/stefanzweifel/git-auto-commit-action/v5/index.js:17:19)
2026-01-21T20:36:01.0637293Z     at ChildProcess.emit (node:events:524:28)
2026-01-21T20:36:01.0637801Z     at maybeClose (node:internal/child_process:1104:16)
2026-01-21T20:36:01.0638408Z     at ChildProcess._handle.onexit (node:internal/child_process:304:5)
2026-01-21T20:36:01.0764130Z Post job cleanup.
2026-01-21T20:36:01.1771379Z [command]/usr/bin/git version
2026-01-21T20:36:01.1807755Z git version 2.52.0
2026-01-21T20:36:01.1852384Z Temporarily overriding HOME='/home/runner/work/_temp/b4ccdfae-e16f-4a0d-8e25-fb07c1d7624c' before making global git config changes
2026-01-21T20:36:01.1853775Z Adding repository directory to the temporary git global config as a safe directory
2026-01-21T20:36:01.1865851Z [command]/usr/bin/git config --global --add safe.directory /home/runner/work/GEM-app/GEM-app
2026-01-21T20:36:01.1902979Z [command]/usr/bin/git config --local --name-only --get-regexp core\.sshCommand
2026-01-21T20:36:01.1937951Z [command]/usr/bin/git submodule foreach --recursive sh -c "git config --local --name-only --get-regexp 'core\.sshCommand' && git config --local --unset-all 'core.sshCommand' || :"
2026-01-21T20:36:01.2205621Z [command]/usr/bin/git config --local --name-only --get-regexp http\.https\:\/\/github\.com\/\.extraheader
2026-01-21T20:36:01.2237678Z http.https://github.com/.extraheader
2026-01-21T20:36:01.2256365Z [command]/usr/bin/git config --local --unset-all http.https://github.com/.extraheader
2026-01-21T20:36:01.2287608Z [command]/usr/bin/git submodule foreach --recursive sh -c "git config --local --name-only --get-regexp 'http\.https\:\/\/github\.com\/\.extraheader' && git config --local --unset-all 'http.https://github.com/.extraheader' || :"
2026-01-21T20:36:01.2518782Z [command]/usr/bin/git config --local --name-only --get-regexp ^includeIf\.gitdir:
2026-01-21T20:36:01.2551588Z [command]/usr/bin/git submodule foreach --recursive git config --local --show-origin --name-only --get-regexp remote.origin.url
2026-01-21T20:36:01.3018887Z Cleaning up orphan processes