2026-01-21T20:45:47.5152597Z Current runner version: '2.331.0'
2026-01-21T20:45:47.5175048Z ##[group]Runner Image Provisioner
2026-01-21T20:45:47.5175996Z Hosted Compute Agent
2026-01-21T20:45:47.5176583Z Version: 20251211.462
2026-01-21T20:45:47.5177417Z Commit: 6cbad8c2bb55d58165063d031ccabf57e2d2db61
2026-01-21T20:45:47.5178118Z Build Date: 2025-12-11T16:28:49Z
2026-01-21T20:45:47.5178773Z Worker ID: {4f447826-ae28-4c18-a0c2-f49b10e54186}
2026-01-21T20:45:47.5179508Z ##[endgroup]
2026-01-21T20:45:47.5180065Z ##[group]Operating System
2026-01-21T20:45:47.5180595Z Ubuntu
2026-01-21T20:45:47.5181107Z 24.04.3
2026-01-21T20:45:47.5181596Z LTS
2026-01-21T20:45:47.5182101Z ##[endgroup]
2026-01-21T20:45:47.5182658Z ##[group]Runner Image
2026-01-21T20:45:47.5183174Z Image: ubuntu-24.04
2026-01-21T20:45:47.5183704Z Version: 20260111.209.1
2026-01-21T20:45:47.5184798Z Included Software: https://github.com/actions/runner-images/blob/ubuntu24/20260111.209/images/ubuntu/Ubuntu2404-Readme.md
2026-01-21T20:45:47.5186361Z Image Release: https://github.com/actions/runner-images/releases/tag/ubuntu24%2F20260111.209
2026-01-21T20:45:47.5187724Z ##[endgroup]
2026-01-21T20:45:47.5188751Z ##[group]GITHUB_TOKEN Permissions
2026-01-21T20:45:47.5190605Z Contents: write
2026-01-21T20:45:47.5191225Z Metadata: read
2026-01-21T20:45:47.5191739Z ##[endgroup]
2026-01-21T20:45:47.5193925Z Secret source: Actions
2026-01-21T20:45:47.5194615Z Prepare workflow directory
2026-01-21T20:45:47.5515456Z Prepare all required actions
2026-01-21T20:45:47.5553347Z Getting action download info
2026-01-21T20:45:47.9814329Z Download action repository 'actions/checkout@v4' (SHA:34e114876b0b11c390a56381ad16ebd13914f8d5)
2026-01-21T20:45:48.0906602Z Download action repository 'actions/setup-python@v4' (SHA:7f4fc3e22c37d6ff65e88745f38bd3157c663f7c)
2026-01-21T20:45:48.2034749Z Download action repository 'stefanzweifel/git-auto-commit-action@v5' (SHA:b863ae1933cb653a53c021fe36dbb774e1fb9403)
2026-01-21T20:45:48.8274334Z Complete job name: run-decision-logic
2026-01-21T20:45:48.9001797Z ##[group]Run actions/checkout@v4
2026-01-21T20:45:48.9002734Z with:
2026-01-21T20:45:48.9003197Z   repository: virtumedia-agency/GEM-app
2026-01-21T20:45:48.9004016Z   token: ***
2026-01-21T20:45:48.9004447Z   ssh-strict: true
2026-01-21T20:45:48.9004892Z   ssh-user: git
2026-01-21T20:45:48.9005337Z   persist-credentials: true
2026-01-21T20:45:48.9005844Z   clean: true
2026-01-21T20:45:48.9006295Z   sparse-checkout-cone-mode: true
2026-01-21T20:45:48.9006853Z   fetch-depth: 1
2026-01-21T20:45:48.9007454Z   fetch-tags: false
2026-01-21T20:45:48.9007906Z   show-progress: true
2026-01-21T20:45:48.9008362Z   lfs: false
2026-01-21T20:45:48.9008770Z   submodules: false
2026-01-21T20:45:48.9009227Z   set-safe-directory: true
2026-01-21T20:45:48.9009977Z ##[endgroup]
2026-01-21T20:45:49.0061705Z Syncing repository: virtumedia-agency/GEM-app
2026-01-21T20:45:49.0063674Z ##[group]Getting Git version info
2026-01-21T20:45:49.0064488Z Working directory is '/home/runner/work/GEM-app/GEM-app'
2026-01-21T20:45:49.0065658Z [command]/usr/bin/git version
2026-01-21T20:45:49.0159487Z git version 2.52.0
2026-01-21T20:45:49.0185076Z ##[endgroup]
2026-01-21T20:45:49.0201103Z Temporarily overriding HOME='/home/runner/work/_temp/550660c9-a0ed-4532-a359-c5cc07a4c2c4' before making global git config changes
2026-01-21T20:45:49.0204197Z Adding repository directory to the temporary git global config as a safe directory
2026-01-21T20:45:49.0214344Z [command]/usr/bin/git config --global --add safe.directory /home/runner/work/GEM-app/GEM-app
2026-01-21T20:45:49.0254558Z Deleting the contents of '/home/runner/work/GEM-app/GEM-app'
2026-01-21T20:45:49.0258297Z ##[group]Initializing the repository
2026-01-21T20:45:49.0263011Z [command]/usr/bin/git init /home/runner/work/GEM-app/GEM-app
2026-01-21T20:45:49.0412350Z hint: Using 'master' as the name for the initial branch. This default branch name
2026-01-21T20:45:49.0413831Z hint: will change to "main" in Git 3.0. To configure the initial branch name
2026-01-21T20:45:49.0415016Z hint: to use in all of your new repositories, which will suppress this warning,
2026-01-21T20:45:49.0416800Z hint: call:
2026-01-21T20:45:49.0417554Z hint:
2026-01-21T20:45:49.0418704Z hint: 	git config --global init.defaultBranch <name>
2026-01-21T20:45:49.0419995Z hint:
2026-01-21T20:45:49.0421215Z hint: Names commonly chosen instead of 'master' are 'main', 'trunk' and
2026-01-21T20:45:49.0423488Z hint: 'development'. The just-created branch can be renamed via this command:
2026-01-21T20:45:49.0425090Z hint:
2026-01-21T20:45:49.0425835Z hint: 	git branch -m <name>
2026-01-21T20:45:49.0426744Z hint:
2026-01-21T20:45:49.0428315Z hint: Disable this message with "git config set advice.defaultBranchName false"
2026-01-21T20:45:49.0430289Z Initialized empty Git repository in /home/runner/work/GEM-app/GEM-app/.git/
2026-01-21T20:45:49.0432181Z [command]/usr/bin/git remote add origin https://github.com/virtumedia-agency/GEM-app
2026-01-21T20:45:49.0466039Z ##[endgroup]
2026-01-21T20:45:49.0467658Z ##[group]Disabling automatic garbage collection
2026-01-21T20:45:49.0471003Z [command]/usr/bin/git config --local gc.auto 0
2026-01-21T20:45:49.0499923Z ##[endgroup]
2026-01-21T20:45:49.0501306Z ##[group]Setting up auth
2026-01-21T20:45:49.0507750Z [command]/usr/bin/git config --local --name-only --get-regexp core\.sshCommand
2026-01-21T20:45:49.0538574Z [command]/usr/bin/git submodule foreach --recursive sh -c "git config --local --name-only --get-regexp 'core\.sshCommand' && git config --local --unset-all 'core.sshCommand' || :"
2026-01-21T20:45:49.0922834Z [command]/usr/bin/git config --local --name-only --get-regexp http\.https\:\/\/github\.com\/\.extraheader
2026-01-21T20:45:49.0951997Z [command]/usr/bin/git submodule foreach --recursive sh -c "git config --local --name-only --get-regexp 'http\.https\:\/\/github\.com\/\.extraheader' && git config --local --unset-all 'http.https://github.com/.extraheader' || :"
2026-01-21T20:45:49.1165806Z [command]/usr/bin/git config --local --name-only --get-regexp ^includeIf\.gitdir:
2026-01-21T20:45:49.1196053Z [command]/usr/bin/git submodule foreach --recursive git config --local --show-origin --name-only --get-regexp remote.origin.url
2026-01-21T20:45:49.1424012Z [command]/usr/bin/git config --local http.https://github.com/.extraheader AUTHORIZATION: basic ***
2026-01-21T20:45:49.1455325Z ##[endgroup]
2026-01-21T20:45:49.1456116Z ##[group]Fetching the repository
2026-01-21T20:45:49.1464072Z [command]/usr/bin/git -c protocol.version=2 fetch --no-tags --prune --no-recurse-submodules --depth=1 origin +cef381ca6e664dde1b0e4ec018c02cf74038f5f5:refs/remotes/origin/main
2026-01-21T20:45:49.5733882Z From https://github.com/virtumedia-agency/GEM-app
2026-01-21T20:45:49.5735331Z  * [new ref]         cef381ca6e664dde1b0e4ec018c02cf74038f5f5 -> origin/main
2026-01-21T20:45:49.5767333Z ##[endgroup]
2026-01-21T20:45:49.5768654Z ##[group]Determining the checkout info
2026-01-21T20:45:49.5770108Z ##[endgroup]
2026-01-21T20:45:49.5774298Z [command]/usr/bin/git sparse-checkout disable
2026-01-21T20:45:49.5819526Z [command]/usr/bin/git config --local --unset-all extensions.worktreeConfig
2026-01-21T20:45:49.5846569Z ##[group]Checking out the ref
2026-01-21T20:45:49.5850061Z [command]/usr/bin/git checkout --progress --force -B main refs/remotes/origin/main
2026-01-21T20:45:49.5907155Z Switched to a new branch 'main'
2026-01-21T20:45:49.5910304Z branch 'main' set up to track 'origin/main'.
2026-01-21T20:45:49.5918108Z ##[endgroup]
2026-01-21T20:45:49.5950920Z [command]/usr/bin/git log -1 --format=%H
2026-01-21T20:45:49.5972847Z cef381ca6e664dde1b0e4ec018c02cf74038f5f5
2026-01-21T20:45:49.6253177Z ##[group]Run day_of_month=$(date +%-d)
2026-01-21T20:45:49.6254531Z [36;1mday_of_month=$(date +%-d)[0m
2026-01-21T20:45:49.6256330Z [36;1mif [ "$day_of_month" -le 7 ] || [ "workflow_dispatch" == "workflow_dispatch" ]; then[0m
2026-01-21T20:45:49.6258583Z [36;1m   echo "should_run=true" >> $GITHUB_OUTPUT[0m
2026-01-21T20:45:49.6260262Z [36;1m   echo "It is the first Monday (or manual dispatch)."[0m
2026-01-21T20:45:49.6261753Z [36;1melse[0m
2026-01-21T20:45:49.6263094Z [36;1m   echo "should_run=false" >> $GITHUB_OUTPUT[0m
2026-01-21T20:45:49.6264621Z [36;1m   echo "Not the first Monday. Skipping."[0m
2026-01-21T20:45:49.6265990Z [36;1mfi[0m
2026-01-21T20:45:49.6303908Z shell: /usr/bin/bash -e {0}
2026-01-21T20:45:49.6305033Z ##[endgroup]
2026-01-21T20:45:49.6404480Z It is the first Monday (or manual dispatch).
2026-01-21T20:45:49.6602231Z ##[group]Run actions/setup-python@v4
2026-01-21T20:45:49.6603349Z with:
2026-01-21T20:45:49.6604137Z   python-version: 3.11
2026-01-21T20:45:49.6605030Z   cache: pip
2026-01-21T20:45:49.6605846Z   check-latest: false
2026-01-21T20:45:49.6607212Z   token: ***
2026-01-21T20:45:49.6608085Z   update-environment: true
2026-01-21T20:45:49.6609092Z   allow-prereleases: false
2026-01-21T20:45:49.6610047Z ##[endgroup]
2026-01-21T20:45:49.8328091Z ##[group]Installed versions
2026-01-21T20:45:49.8455152Z Successfully set up CPython (3.11.14)
2026-01-21T20:45:49.8457315Z ##[endgroup]
2026-01-21T20:45:49.8935592Z [command]/opt/hostedtoolcache/Python/3.11.14/x64/bin/pip cache dir
2026-01-21T20:45:50.2295926Z /home/runner/.cache/pip
2026-01-21T20:45:50.5181028Z pip cache is not found
2026-01-21T20:45:50.5328067Z ##[group]Run pip install -r requirements.txt
2026-01-21T20:45:50.5330107Z [36;1mpip install -r requirements.txt[0m
2026-01-21T20:45:50.5368805Z shell: /usr/bin/bash -e {0}
2026-01-21T20:45:50.5369752Z env:
2026-01-21T20:45:50.5370742Z   pythonLocation: /opt/hostedtoolcache/Python/3.11.14/x64
2026-01-21T20:45:50.5372451Z   PKG_CONFIG_PATH: /opt/hostedtoolcache/Python/3.11.14/x64/lib/pkgconfig
2026-01-21T20:45:50.5374139Z   Python_ROOT_DIR: /opt/hostedtoolcache/Python/3.11.14/x64
2026-01-21T20:45:50.5375651Z   Python2_ROOT_DIR: /opt/hostedtoolcache/Python/3.11.14/x64
2026-01-21T20:45:50.5377417Z   Python3_ROOT_DIR: /opt/hostedtoolcache/Python/3.11.14/x64
2026-01-21T20:45:50.5378966Z   LD_LIBRARY_PATH: /opt/hostedtoolcache/Python/3.11.14/x64/lib
2026-01-21T20:45:50.5380274Z ##[endgroup]
2026-01-21T20:45:51.2331298Z Collecting yfinance>=0.2.36 (from -r requirements.txt (line 1))
2026-01-21T20:45:51.3180958Z   Downloading yfinance-1.0-py2.py3-none-any.whl.metadata (6.0 kB)
2026-01-21T20:45:51.4832256Z Collecting pandas>=2.2.0 (from -r requirements.txt (line 2))
2026-01-21T20:45:51.4942223Z   Downloading pandas-3.0.0-cp311-cp311-manylinux_2_24_x86_64.manylinux_2_28_x86_64.whl.metadata (79 kB)
2026-01-21T20:45:51.6112816Z Collecting pyyaml>=6.0.1 (from -r requirements.txt (line 3))
2026-01-21T20:45:51.6223930Z   Downloading pyyaml-6.0.3-cp311-cp311-manylinux2014_x86_64.manylinux_2_17_x86_64.manylinux_2_28_x86_64.whl.metadata (2.4 kB)
2026-01-21T20:45:51.6606260Z Collecting resend>=0.8.0 (from -r requirements.txt (line 4))
2026-01-21T20:45:51.6737263Z   Downloading resend-2.19.0-py2.py3-none-any.whl.metadata (2.5 kB)
2026-01-21T20:45:51.7090478Z Collecting python-dotenv>=1.0.1 (from -r requirements.txt (line 5))
2026-01-21T20:45:51.7205022Z   Downloading python_dotenv-1.2.1-py3-none-any.whl.metadata (25 kB)
2026-01-21T20:45:51.9633280Z Collecting numpy>=1.16.5 (from yfinance>=0.2.36->-r requirements.txt (line 1))
2026-01-21T20:45:51.9740106Z   Downloading numpy-2.4.1-cp311-cp311-manylinux_2_27_x86_64.manylinux_2_28_x86_64.whl.metadata (6.6 kB)
2026-01-21T20:45:52.0102489Z Collecting requests>=2.31 (from yfinance>=0.2.36->-r requirements.txt (line 1))
2026-01-21T20:45:52.0210377Z   Downloading requests-2.32.5-py3-none-any.whl.metadata (4.9 kB)
2026-01-21T20:45:52.0404964Z Collecting multitasking>=0.0.7 (from yfinance>=0.2.36->-r requirements.txt (line 1))
2026-01-21T20:45:52.0511223Z   Downloading multitasking-0.0.12.tar.gz (19 kB)
2026-01-21T20:45:52.0608555Z   Installing build dependencies: started
2026-01-21T20:45:52.8903505Z   Installing build dependencies: finished with status 'done'
2026-01-21T20:45:52.8908922Z   Getting requirements to build wheel: started
2026-01-21T20:45:53.2093767Z   Getting requirements to build wheel: finished with status 'done'
2026-01-21T20:45:53.2102056Z   Preparing metadata (pyproject.toml): started
2026-01-21T20:45:53.3747336Z   Preparing metadata (pyproject.toml): finished with status 'done'
2026-01-21T20:45:53.4016008Z Collecting platformdirs>=2.0.0 (from yfinance>=0.2.36->-r requirements.txt (line 1))
2026-01-21T20:45:53.4123489Z   Downloading platformdirs-4.5.1-py3-none-any.whl.metadata (12 kB)
2026-01-21T20:45:53.4627922Z Collecting pytz>=2022.5 (from yfinance>=0.2.36->-r requirements.txt (line 1))
2026-01-21T20:45:53.4733618Z   Downloading pytz-2025.2-py2.py3-none-any.whl.metadata (22 kB)
2026-01-21T20:45:53.5309005Z Collecting frozendict>=2.3.4 (from yfinance>=0.2.36->-r requirements.txt (line 1))
2026-01-21T20:45:53.5413543Z   Downloading frozendict-2.4.7-py3-none-any.whl.metadata (23 kB)
2026-01-21T20:45:53.5739290Z Collecting peewee>=3.16.2 (from yfinance>=0.2.36->-r requirements.txt (line 1))
2026-01-21T20:45:53.5840570Z   Downloading peewee-3.19.0-py3-none-any.whl.metadata (7.0 kB)
2026-01-21T20:45:53.6117143Z Collecting beautifulsoup4>=4.11.1 (from yfinance>=0.2.36->-r requirements.txt (line 1))
2026-01-21T20:45:53.6220059Z   Downloading beautifulsoup4-4.14.3-py3-none-any.whl.metadata (3.8 kB)
2026-01-21T20:45:53.7018598Z Collecting curl_cffi<0.14,>=0.7 (from yfinance>=0.2.36->-r requirements.txt (line 1))
2026-01-21T20:45:53.7122324Z   Downloading curl_cffi-0.13.0-cp39-abi3-manylinux_2_17_x86_64.manylinux2014_x86_64.whl.metadata (13 kB)
2026-01-21T20:45:53.9012462Z Collecting protobuf>=3.19.0 (from yfinance>=0.2.36->-r requirements.txt (line 1))
2026-01-21T20:45:53.9117304Z   Downloading protobuf-6.33.4-cp39-abi3-manylinux2014_x86_64.whl.metadata (593 bytes)
2026-01-21T20:45:54.0173299Z Collecting websockets>=13.0 (from yfinance>=0.2.36->-r requirements.txt (line 1))
2026-01-21T20:45:54.0279236Z   Downloading websockets-16.0-cp311-cp311-manylinux1_x86_64.manylinux_2_28_x86_64.manylinux_2_5_x86_64.whl.metadata (6.8 kB)
2026-01-21T20:45:54.1502570Z Collecting cffi>=1.12.0 (from curl_cffi<0.14,>=0.7->yfinance>=0.2.36->-r requirements.txt (line 1))
2026-01-21T20:45:54.1610836Z   Downloading cffi-2.0.0-cp311-cp311-manylinux2014_x86_64.manylinux_2_17_x86_64.whl.metadata (2.6 kB)
2026-01-21T20:45:54.1887201Z Collecting certifi>=2024.2.2 (from curl_cffi<0.14,>=0.7->yfinance>=0.2.36->-r requirements.txt (line 1))
2026-01-21T20:45:54.1988430Z   Downloading certifi-2026.1.4-py3-none-any.whl.metadata (2.5 kB)
2026-01-21T20:45:54.2287183Z Collecting python-dateutil>=2.8.2 (from pandas>=2.2.0->-r requirements.txt (line 2))
2026-01-21T20:45:54.2387297Z   Downloading python_dateutil-2.9.0.post0-py2.py3-none-any.whl.metadata (8.4 kB)
2026-01-21T20:45:54.2645357Z Collecting typing-extensions>=4.4.0 (from resend>=0.8.0->-r requirements.txt (line 4))
2026-01-21T20:45:54.2749992Z   Downloading typing_extensions-4.15.0-py3-none-any.whl.metadata (3.3 kB)
2026-01-21T20:45:54.3013152Z Collecting soupsieve>=1.6.1 (from beautifulsoup4>=4.11.1->yfinance>=0.2.36->-r requirements.txt (line 1))
2026-01-21T20:45:54.3117526Z   Downloading soupsieve-2.8.3-py3-none-any.whl.metadata (4.6 kB)
2026-01-21T20:45:54.3345682Z Collecting pycparser (from cffi>=1.12.0->curl_cffi<0.14,>=0.7->yfinance>=0.2.36->-r requirements.txt (line 1))
2026-01-21T20:45:54.3447723Z   Downloading pycparser-3.0-py3-none-any.whl.metadata (8.2 kB)
2026-01-21T20:45:54.3694772Z Collecting six>=1.5 (from python-dateutil>=2.8.2->pandas>=2.2.0->-r requirements.txt (line 2))
2026-01-21T20:45:54.3797606Z   Downloading six-1.17.0-py2.py3-none-any.whl.metadata (1.7 kB)
2026-01-21T20:45:54.5027489Z Collecting charset_normalizer<4,>=2 (from requests>=2.31->yfinance>=0.2.36->-r requirements.txt (line 1))
2026-01-21T20:45:54.5137060Z   Downloading charset_normalizer-3.4.4-cp311-cp311-manylinux2014_x86_64.manylinux_2_17_x86_64.manylinux_2_28_x86_64.whl.metadata (37 kB)
2026-01-21T20:45:54.5387335Z Collecting idna<4,>=2.5 (from requests>=2.31->yfinance>=0.2.36->-r requirements.txt (line 1))
2026-01-21T20:45:54.5486862Z   Downloading idna-3.11-py3-none-any.whl.metadata (8.4 kB)
2026-01-21T20:45:54.5839217Z Collecting urllib3<3,>=1.21.1 (from requests>=2.31->yfinance>=0.2.36->-r requirements.txt (line 1))
2026-01-21T20:45:54.5941610Z   Downloading urllib3-2.6.3-py3-none-any.whl.metadata (6.9 kB)
2026-01-21T20:45:54.6217375Z Downloading yfinance-1.0-py2.py3-none-any.whl (127 kB)
2026-01-21T20:45:54.6475256Z Downloading curl_cffi-0.13.0-cp39-abi3-manylinux_2_17_x86_64.manylinux2014_x86_64.whl (8.3 MB)
2026-01-21T20:45:54.9912069Z    ‚îÅ‚îÅ‚îÅ‚îÅ‚îÅ‚îÅ‚îÅ‚îÅ‚îÅ‚îÅ‚îÅ‚îÅ‚îÅ‚îÅ‚îÅ‚îÅ‚îÅ‚îÅ‚îÅ‚îÅ‚îÅ‚îÅ‚îÅ‚îÅ‚îÅ‚îÅ‚îÅ‚îÅ‚îÅ‚îÅ‚îÅ‚îÅ‚îÅ‚îÅ‚îÅ‚îÅ‚îÅ‚îÅ‚îÅ‚îÅ 8.3/8.3 MB 25.7 MB/s  0:00:00
2026-01-21T20:45:55.0016721Z Downloading pandas-3.0.0-cp311-cp311-manylinux_2_24_x86_64.manylinux_2_28_x86_64.whl (11.2 MB)
2026-01-21T20:45:55.1538102Z    ‚îÅ‚îÅ‚îÅ‚îÅ‚îÅ‚îÅ‚îÅ‚îÅ‚îÅ‚îÅ‚îÅ‚îÅ‚îÅ‚îÅ‚îÅ‚îÅ‚îÅ‚îÅ‚îÅ‚îÅ‚îÅ‚îÅ‚îÅ‚îÅ‚îÅ‚îÅ‚îÅ‚îÅ‚îÅ‚îÅ‚îÅ‚îÅ‚îÅ‚îÅ‚îÅ‚îÅ‚îÅ‚îÅ‚îÅ‚îÅ 11.2/11.2 MB 74.6 MB/s  0:00:00
2026-01-21T20:45:55.1641900Z Downloading pyyaml-6.0.3-cp311-cp311-manylinux2014_x86_64.manylinux_2_17_x86_64.manylinux_2_28_x86_64.whl (806 kB)
2026-01-21T20:45:55.1734503Z    ‚îÅ‚îÅ‚îÅ‚îÅ‚îÅ‚îÅ‚îÅ‚îÅ‚îÅ‚îÅ‚îÅ‚îÅ‚îÅ‚îÅ‚îÅ‚îÅ‚îÅ‚îÅ‚îÅ‚îÅ‚îÅ‚îÅ‚îÅ‚îÅ‚îÅ‚îÅ‚îÅ‚îÅ‚îÅ‚îÅ‚îÅ‚îÅ‚îÅ‚îÅ‚îÅ‚îÅ‚îÅ‚îÅ‚îÅ‚îÅ 806.6/806.6 kB 82.8 MB/s  0:00:00
2026-01-21T20:45:55.1834277Z Downloading resend-2.19.0-py2.py3-none-any.whl (50 kB)
2026-01-21T20:45:55.1954481Z Downloading python_dotenv-1.2.1-py3-none-any.whl (21 kB)
2026-01-21T20:45:55.2075153Z Downloading beautifulsoup4-4.14.3-py3-none-any.whl (107 kB)
2026-01-21T20:45:55.2203502Z Downloading certifi-2026.1.4-py3-none-any.whl (152 kB)
2026-01-21T20:45:55.2328132Z Downloading cffi-2.0.0-cp311-cp311-manylinux2014_x86_64.manylinux_2_17_x86_64.whl (215 kB)
2026-01-21T20:45:55.2459461Z Downloading frozendict-2.4.7-py3-none-any.whl (16 kB)
2026-01-21T20:45:55.2578101Z Downloading numpy-2.4.1-cp311-cp311-manylinux_2_27_x86_64.manylinux_2_28_x86_64.whl (16.7 MB)
2026-01-21T20:45:55.3839640Z    ‚îÅ‚îÅ‚îÅ‚îÅ‚îÅ‚îÅ‚îÅ‚îÅ‚îÅ‚îÅ‚îÅ‚îÅ‚îÅ‚îÅ‚îÅ‚îÅ‚îÅ‚îÅ‚îÅ‚îÅ‚îÅ‚îÅ‚îÅ‚îÅ‚îÅ‚îÅ‚îÅ‚îÅ‚îÅ‚îÅ‚îÅ‚îÅ‚îÅ‚îÅ‚îÅ‚îÅ‚îÅ‚îÅ‚îÅ‚îÅ 16.7/16.7 MB 133.5 MB/s  0:00:00
2026-01-21T20:45:55.3944675Z Downloading peewee-3.19.0-py3-none-any.whl (411 kB)
2026-01-21T20:45:55.4103398Z Downloading platformdirs-4.5.1-py3-none-any.whl (18 kB)
2026-01-21T20:45:55.4225571Z Downloading protobuf-6.33.4-cp39-abi3-manylinux2014_x86_64.whl (323 kB)
2026-01-21T20:45:55.4364839Z Downloading python_dateutil-2.9.0.post0-py2.py3-none-any.whl (229 kB)
2026-01-21T20:45:55.4500939Z Downloading pytz-2025.2-py2.py3-none-any.whl (509 kB)
2026-01-21T20:45:55.4646169Z Downloading requests-2.32.5-py3-none-any.whl (64 kB)
2026-01-21T20:45:55.4774128Z Downloading charset_normalizer-3.4.4-cp311-cp311-manylinux2014_x86_64.manylinux_2_17_x86_64.manylinux_2_28_x86_64.whl (151 kB)
2026-01-21T20:45:55.4899440Z Downloading idna-3.11-py3-none-any.whl (71 kB)
2026-01-21T20:45:55.5024282Z Downloading urllib3-2.6.3-py3-none-any.whl (131 kB)
2026-01-21T20:45:55.5161953Z Downloading six-1.17.0-py2.py3-none-any.whl (11 kB)
2026-01-21T20:45:55.5280383Z Downloading soupsieve-2.8.3-py3-none-any.whl (37 kB)
2026-01-21T20:45:55.5402523Z Downloading typing_extensions-4.15.0-py3-none-any.whl (44 kB)
2026-01-21T20:45:55.5522242Z Downloading websockets-16.0-cp311-cp311-manylinux1_x86_64.manylinux_2_28_x86_64.manylinux_2_5_x86_64.whl (184 kB)
2026-01-21T20:45:55.5659676Z Downloading pycparser-3.0-py3-none-any.whl (48 kB)
2026-01-21T20:45:55.6278704Z Building wheels for collected packages: multitasking
2026-01-21T20:45:55.6286738Z   Building wheel for multitasking (pyproject.toml): started
2026-01-21T20:45:55.8197642Z   Building wheel for multitasking (pyproject.toml): finished with status 'done'
2026-01-21T20:45:55.8204252Z   Created wheel for multitasking: filename=multitasking-0.0.12-py3-none-any.whl size=15637 sha256=f985882895fa9b13f68a56eb8ca6ee874a8d0496e019cbdbad10e0988b7c7687
2026-01-21T20:45:55.8206546Z   Stored in directory: /home/runner/.cache/pip/wheels/42/d6/84/bf57a755f4569494cd00de4bb46ef064874823f4d19c82e960
2026-01-21T20:45:55.8231486Z Successfully built multitasking
2026-01-21T20:45:55.8840280Z Installing collected packages: pytz, peewee, multitasking, websockets, urllib3, typing-extensions, soupsieve, six, pyyaml, python-dotenv, pycparser, protobuf, platformdirs, numpy, idna, frozendict, charset_normalizer, certifi, requests, python-dateutil, cffi, beautifulsoup4, resend, pandas, curl_cffi, yfinance
2026-01-21T20:46:02.8647191Z 
2026-01-21T20:46:02.8667417Z Successfully installed beautifulsoup4-4.14.3 certifi-2026.1.4 cffi-2.0.0 charset_normalizer-3.4.4 curl_cffi-0.13.0 frozendict-2.4.7 idna-3.11 multitasking-0.0.12 numpy-2.4.1 pandas-3.0.0 peewee-3.19.0 platformdirs-4.5.1 protobuf-6.33.4 pycparser-3.0 python-dateutil-2.9.0.post0 python-dotenv-1.2.1 pytz-2025.2 pyyaml-6.0.3 requests-2.32.5 resend-2.19.0 six-1.17.0 soupsieve-2.8.3 typing-extensions-4.15.0 urllib3-2.6.3 websockets-16.0 yfinance-1.0
2026-01-21T20:46:03.1572518Z ##[group]Run # Run from root so relative paths in main.py work
2026-01-21T20:46:03.1573021Z [36;1m# Run from root so relative paths in main.py work[0m
2026-01-21T20:46:03.1573368Z [36;1mpython app/main.py[0m
2026-01-21T20:46:03.1605044Z shell: /usr/bin/bash -e {0}
2026-01-21T20:46:03.1605293Z env:
2026-01-21T20:46:03.1605562Z   pythonLocation: /opt/hostedtoolcache/Python/3.11.14/x64
2026-01-21T20:46:03.1605994Z   PKG_CONFIG_PATH: /opt/hostedtoolcache/Python/3.11.14/x64/lib/pkgconfig
2026-01-21T20:46:03.1606419Z   Python_ROOT_DIR: /opt/hostedtoolcache/Python/3.11.14/x64
2026-01-21T20:46:03.1606811Z   Python2_ROOT_DIR: /opt/hostedtoolcache/Python/3.11.14/x64
2026-01-21T20:46:03.1607292Z   Python3_ROOT_DIR: /opt/hostedtoolcache/Python/3.11.14/x64
2026-01-21T20:46:03.1607672Z   LD_LIBRARY_PATH: /opt/hostedtoolcache/Python/3.11.14/x64/lib
2026-01-21T20:46:03.1608151Z   RESEND_API_KEY: ***
2026-01-21T20:46:03.1608423Z   EMAIL_FROM: ***
2026-01-21T20:46:03.1608661Z   EMAIL_TO: ***
2026-01-21T20:46:03.1608888Z ##[endgroup]
2026-01-21T20:46:03.8971834Z Starting GEM ETF Decision App
2026-01-21T20:46:03.8993850Z Configuration loaded.
2026-01-21T20:46:03.8995213Z Analysis Date (End of Last Month): 2025-12-31
2026-01-21T20:46:03.8998338Z Fetching data from approx 2024-11-30 to 2025-12-31
2026-01-21T20:46:04.3077635Z /opt/hostedtoolcache/Python/3.11.14/x64/lib/python3.11/site-packages/yfinance/scrapers/history.py:201: Pandas4Warning: Timestamp.utcnow is deprecated and will be removed in a future version. Use Timestamp.now('UTC') instead.
2026-01-21T20:46:04.3078647Z   dt_now = pd.Timestamp.utcnow()
2026-01-21T20:46:04.5164280Z /opt/hostedtoolcache/Python/3.11.14/x64/lib/python3.11/site-packages/yfinance/scrapers/history.py:201: Pandas4Warning: Timestamp.utcnow is deprecated and will be removed in a future version. Use Timestamp.now('UTC') instead.
2026-01-21T20:46:04.5165437Z   dt_now = pd.Timestamp.utcnow()
2026-01-21T20:46:04.7258210Z /opt/hostedtoolcache/Python/3.11.14/x64/lib/python3.11/site-packages/yfinance/scrapers/history.py:201: Pandas4Warning: Timestamp.utcnow is deprecated and will be removed in a future version. Use Timestamp.now('UTC') instead.
2026-01-21T20:46:04.7259461Z   dt_now = pd.Timestamp.utcnow()
2026-01-21T20:46:05.0421586Z /opt/hostedtoolcache/Python/3.11.14/x64/lib/python3.11/site-packages/yfinance/scrapers/history.py:201: Pandas4Warning: Timestamp.utcnow is deprecated and will be removed in a future version. Use Timestamp.now('UTC') instead.
2026-01-21T20:46:05.0422841Z   dt_now = pd.Timestamp.utcnow()
2026-01-21T20:46:05.1534518Z Price Current (2025-12-31):
2026-01-21T20:46:05.1535263Z {'CASH_PROXY': 91.37999725341797, 'BONDS': 74.06999969482422, 'US': 681.9199829101562, 'EXUS': 73.55999755859375}
2026-01-21T20:46:05.1535907Z Price Previous (2024-12-31):
2026-01-21T20:46:05.1536481Z {'CASH_PROXY': 87.74127197265625, 'BONDS': 69.17105102539062, 'US': 579.2774047851562, 'EXUS': 55.57977294921875}
2026-01-21T20:46:05.1537631Z Decision Calculated: EXUS (RISK-ON)
2026-01-21T20:46:05.1541336Z Report saved to app/reports/2025-12.md
2026-01-21T20:46:05.8751023Z History updated.
2026-01-21T20:46:05.8751512Z Execution completed successfully.
2026-01-21T20:46:05.8752061Z Fetching data for ['SPY', 'VEU', 'BND', 'BIL'] from 2024-11-30 to 2025-12-31...
2026-01-21T20:46:05.8752618Z Email sent! ID: c8af139c-5d71-47f5-a1bf-b62ccaab3f90
2026-01-21T20:46:05.9628686Z ##[group]Run stefanzweifel/git-auto-commit-action@v5
2026-01-21T20:46:05.9629015Z with:
2026-01-21T20:46:05.9629273Z   commit_message: Automated report: GEM Decision [skip ci]
2026-01-21T20:46:05.9629812Z   file_pattern: app/reports/*.md app/decisions.csv
2026-01-21T20:46:05.9630097Z   repository: .
2026-01-21T20:46:05.9630316Z   commit_user_name: github-actions[bot]
2026-01-21T20:46:05.9630691Z   commit_user_email: 41898282+github-actions[bot]@users.noreply.github.com
2026-01-21T20:46:05.9631219Z   commit_author: virtumedia-agency <118538154+virtumedia-agency@users.noreply.github.com>
2026-01-21T20:46:05.9631647Z   skip_dirty_check: false
2026-01-21T20:46:05.9631871Z   skip_fetch: false
2026-01-21T20:46:05.9632072Z   skip_checkout: false
2026-01-21T20:46:05.9632286Z   disable_globbing: false
2026-01-21T20:46:05.9632502Z   create_branch: false
2026-01-21T20:46:05.9632710Z   create_git_tag_only: false
2026-01-21T20:46:05.9632940Z   internal_git_binary: git
2026-01-21T20:46:05.9633184Z env:
2026-01-21T20:46:05.9633429Z   pythonLocation: /opt/hostedtoolcache/Python/3.11.14/x64
2026-01-21T20:46:05.9633846Z   PKG_CONFIG_PATH: /opt/hostedtoolcache/Python/3.11.14/x64/lib/pkgconfig
2026-01-21T20:46:05.9634268Z   Python_ROOT_DIR: /opt/hostedtoolcache/Python/3.11.14/x64
2026-01-21T20:46:05.9634646Z   Python2_ROOT_DIR: /opt/hostedtoolcache/Python/3.11.14/x64
2026-01-21T20:46:05.9635010Z   Python3_ROOT_DIR: /opt/hostedtoolcache/Python/3.11.14/x64
2026-01-21T20:46:05.9635384Z   LD_LIBRARY_PATH: /opt/hostedtoolcache/Python/3.11.14/x64/lib
2026-01-21T20:46:05.9635695Z ##[endgroup]
2026-01-21T20:46:05.9872328Z Started: bash /home/runner/work/_actions/stefanzweifel/git-auto-commit-action/v5/entrypoint.sh
2026-01-21T20:46:05.9910795Z INPUT_REPOSITORY value: .
2026-01-21T20:46:05.9911211Z INPUT_STATUS_OPTIONS: 
2026-01-21T20:46:05.9911943Z INPUT_FILE_PATTERN: app/reports/*.md app/decisions.csv
2026-01-21T20:46:05.9965425Z INPUT_BRANCH value: 
2026-01-21T20:46:06.4647172Z Your branch is up to date with 'origin/main'.
2026-01-21T20:46:06.4649348Z INPUT_ADD_OPTIONS: 
2026-01-21T20:46:06.4650306Z INPUT_FILE_PATTERN: app/reports/*.md app/decisions.csv
2026-01-21T20:46:06.4694227Z INPUT_COMMIT_OPTIONS: 
2026-01-21T20:46:06.4694978Z INPUT_COMMIT_USER_NAME: github-actions[bot]
2026-01-21T20:46:06.4695682Z INPUT_COMMIT_USER_EMAIL: 41898282+github-actions[bot]@users.noreply.github.com
2026-01-21T20:46:06.4696452Z INPUT_COMMIT_MESSAGE: Automated report: GEM Decision [skip ci]
2026-01-21T20:46:06.4697488Z INPUT_COMMIT_AUTHOR: virtumedia-agency <118538154+virtumedia-agency@users.noreply.github.com>
2026-01-21T20:46:06.4743067Z [main 2ec1a45] Automated report: GEM Decision [skip ci]
2026-01-21T20:46:06.4743817Z  Author: virtumedia-agency <118538154+virtumedia-agency@users.noreply.github.com>
2026-01-21T20:46:06.4744391Z  2 files changed, 39 insertions(+)
2026-01-21T20:46:06.4744646Z  create mode 100644 app/decisions.csv
2026-01-21T20:46:06.4744949Z  create mode 100644 app/reports/2025-12.md
2026-01-21T20:46:06.4762913Z INPUT_TAGGING_MESSAGE: 
2026-01-21T20:46:06.4763397Z No tagging message supplied. No tag will be added.
2026-01-21T20:46:06.4763894Z INPUT_PUSH_OPTIONS: 
2026-01-21T20:46:07.1974514Z To https://github.com/virtumedia-agency/GEM-app
2026-01-21T20:46:07.1975037Z    cef381c..2ec1a45  main -> main
2026-01-21T20:46:07.2102564Z Post job cleanup.
2026-01-21T20:46:07.3778141Z [command]/usr/bin/tar --posix -cf cache.tzst --exclude cache.tzst -P -C /home/runner/work/GEM-app/GEM-app --files-from manifest.txt --use-compress-program zstdmt
2026-01-21T20:46:08.8506057Z Sent 24182784 of 42826929 (56.5%), 23.0 MBs/sec
2026-01-21T20:46:09.7486297Z Sent 42826929 of 42826929 (100.0%), 21.5 MBs/sec
2026-01-21T20:46:10.0294979Z Cache saved with the key: setup-python-Linux-24.04-Ubuntu-python-3.11.14-pip-98f756fef1be0b37460d95d52e658d1888d9526a52fd1c07aab8c44fd713b057
2026-01-21T20:46:10.0464809Z Post job cleanup.
2026-01-21T20:46:10.1381064Z [command]/usr/bin/git version
2026-01-21T20:46:10.1415679Z git version 2.52.0
2026-01-21T20:46:10.1456653Z Temporarily overriding HOME='/home/runner/work/_temp/5f80d273-e460-4b84-ab1c-441355ad041f' before making global git config changes
2026-01-21T20:46:10.1458062Z Adding repository directory to the temporary git global config as a safe directory
2026-01-21T20:46:10.1462704Z [command]/usr/bin/git config --global --add safe.directory /home/runner/work/GEM-app/GEM-app
2026-01-21T20:46:10.1501778Z [command]/usr/bin/git config --local --name-only --get-regexp core\.sshCommand
2026-01-21T20:46:10.1532993Z [command]/usr/bin/git submodule foreach --recursive sh -c "git config --local --name-only --get-regexp 'core\.sshCommand' && git config --local --unset-all 'core.sshCommand' || :"
2026-01-21T20:46:10.1761046Z [command]/usr/bin/git config --local --name-only --get-regexp http\.https\:\/\/github\.com\/\.extraheader
2026-01-21T20:46:10.1782066Z http.https://github.com/.extraheader
2026-01-21T20:46:10.1794406Z [command]/usr/bin/git config --local --unset-all http.https://github.com/.extraheader
2026-01-21T20:46:10.1825808Z [command]/usr/bin/git submodule foreach --recursive sh -c "git config --local --name-only --get-regexp 'http\.https\:\/\/github\.com\/\.extraheader' && git config --local --unset-all 'http.https://github.com/.extraheader' || :"
2026-01-21T20:46:10.2043852Z [command]/usr/bin/git config --local --name-only --get-regexp ^includeIf\.gitdir:
2026-01-21T20:46:10.2074360Z [command]/usr/bin/git submodule foreach --recursive git config --local --show-origin --name-only --get-regexp remote.origin.url
2026-01-21T20:46:10.2399697Z Cleaning up orphan processes